Device: mps
Epochs: 20  patience: 8  batch: 8  lora_r: 8  lora_alpha: 16

APTOS CV pool: 3295  holdout: 367
Pool label dist: [1624, 333, 899, 174, 265]

Model seeds: [42, 123, 456] (per-seed subdirs)

##############################################################################
### MODEL SEED 42 (seed=42)  ->  results/lora_ordinal_capsnet/seed42
##############################################################################

=== Fold 1/5 (seed=42)  (train=2636, val=659) ===
  trainable: 1,081,600  |  frozen: 303,301,632
    ep   1/20  train_loss=0.1029  val_qwk=0.7459  val_acc=0.6859  val_f1=0.3244  (192.7s train)  *best*
    ep   2/20  train_loss=0.0611  val_qwk=0.8403  val_acc=0.7436  val_f1=0.5236  (219.5s train)  *best*
    ep   3/20  train_loss=0.0487  val_qwk=0.8770  val_acc=0.7982  val_f1=0.5884  (240.1s train)  *best*
    ep   4/20  train_loss=0.0405  val_qwk=0.8922  val_acc=0.8103  val_f1=0.5867  (211.1s train)  *best*
    ep   5/20  train_loss=0.0368  val_qwk=0.9128  val_acc=0.8376  val_f1=0.6546  (217.0s train)  *best*
    ep   7/20  train_loss=0.0319  val_qwk=0.9141  val_acc=0.7997  val_f1=0.6380  (212.1s train)  *best*
    ep   9/20  train_loss=0.0274  val_qwk=0.9229  val_acc=0.8316  val_f1=0.6654  (211.6s train)  *best*
    ep  10/20  train_loss=0.0255  val_qwk=0.9024  val_acc=0.8012  val_f1=0.6361  (209.0s train)
    ep  15/20  train_loss=0.0170  val_qwk=0.9112  val_acc=0.8270  val_f1=0.6925  (207.5s train)
    ep  17/20  train_loss=0.0140  val_qwk=0.9148  val_acc=0.8392  val_f1=0.6854  (201.5s train)
    early stop @ ep 17 (best qwk=0.9229 @ ep 9)
  fold 1 DONE  best val QWK=0.9229  final QWK=0.9229  (4341.2s)

=== Fold 2/5 (seed=42)  (train=2636, val=659) ===
  trainable: 1,081,600  |  frozen: 303,301,632
    ep   1/20  train_loss=0.1013  val_qwk=0.7775  val_acc=0.5979  val_f1=0.3012  (198.5s train)  *best*
    ep   2/20  train_loss=0.0599  val_qwk=0.7860  val_acc=0.5372  val_f1=0.3182  (202.0s train)  *best*
    ep   3/20  train_loss=0.0470  val_qwk=0.8304  val_acc=0.7162  val_f1=0.5057  (198.9s train)  *best*
    ep   4/20  train_loss=0.0397  val_qwk=0.8841  val_acc=0.7951  val_f1=0.5817  (198.2s train)  *best*
    ep   5/20  train_loss=0.0366  val_qwk=0.8743  val_acc=0.7572  val_f1=0.5423  (198.3s train)
    ep   6/20  train_loss=0.0332  val_qwk=0.8912  val_acc=0.8027  val_f1=0.6085  (197.8s train)  *best*
    ep   8/20  train_loss=0.0293  val_qwk=0.9008  val_acc=0.8149  val_f1=0.6359  (199.0s train)  *best*
    ep  10/20  train_loss=0.0255  val_qwk=0.8873  val_acc=0.8088  val_f1=0.6590  (199.1s train)
    ep  15/20  train_loss=0.0171  val_qwk=0.8994  val_acc=0.8240  val_f1=0.6962  (203.7s train)
    ep  16/20  train_loss=0.0165  val_qwk=0.8878  val_acc=0.8209  val_f1=0.6721  (203.8s train)
    early stop @ ep 16 (best qwk=0.9008 @ ep 8)
  fold 2 DONE  best val QWK=0.9008  final QWK=0.9008  (3849.7s)

=== Fold 3/5 (seed=42)  (train=2636, val=659) ===
  trainable: 1,081,600  |  frozen: 303,301,632
    ep   1/20  train_loss=0.1027  val_qwk=0.7950  val_acc=0.5979  val_f1=0.3395  (200.5s train)  *best*
    ep   2/20  train_loss=0.0618  val_qwk=0.8537  val_acc=0.6813  val_f1=0.4946  (208.1s train)  *best*
    ep   3/20  train_loss=0.0477  val_qwk=0.8904  val_acc=0.7481  val_f1=0.5550  (205.5s train)  *best*
    ep   4/20  train_loss=0.0398  val_qwk=0.8933  val_acc=0.8058  val_f1=0.5998  (205.1s train)  *best*
    ep   5/20  train_loss=0.0358  val_qwk=0.8858  val_acc=0.7997  val_f1=0.5946  (205.4s train)
    ep   7/20  train_loss=0.0312  val_qwk=0.9015  val_acc=0.7967  val_f1=0.6159  (207.3s train)  *best*
    ep   9/20  train_loss=0.0275  val_qwk=0.9042  val_acc=0.8027  val_f1=0.6259  (204.8s train)  *best*
    ep  10/20  train_loss=0.0262  val_qwk=0.9025  val_acc=0.8240  val_f1=0.6622  (204.6s train)
    ep  12/20  train_loss=0.0227  val_qwk=0.9045  val_acc=0.8042  val_f1=0.6345  (201.0s train)  *best*
    ep  14/20  train_loss=0.0195  val_qwk=0.9088  val_acc=0.8285  val_f1=0.6756  (204.9s train)  *best*
    ep  15/20  train_loss=0.0184  val_qwk=0.9019  val_acc=0.8179  val_f1=0.6485  (204.6s train)
    ep  20/20  train_loss=0.0115  val_qwk=0.9053  val_acc=0.8209  val_f1=0.6644  (204.9s train)
  fold 3 DONE  best val QWK=0.9088  final QWK=0.9088  (4898.6s)

=== Fold 4/5 (seed=42)  (train=2636, val=659) ===
  trainable: 1,081,600  |  frozen: 303,301,632
    ep   1/20  train_loss=0.1052  val_qwk=0.7701  val_acc=0.7344  val_f1=0.3427  (200.8s train)  *best*
    ep   2/20  train_loss=0.0634  val_qwk=0.8552  val_acc=0.7178  val_f1=0.4160  (207.2s train)  *best*
    ep   3/20  train_loss=0.0507  val_qwk=0.9040  val_acc=0.7557  val_f1=0.5764  (204.7s train)  *best*
    ep   4/20  train_loss=0.0431  val_qwk=0.9147  val_acc=0.7785  val_f1=0.5454  (205.0s train)  *best*
    ep   5/20  train_loss=0.0383  val_qwk=0.9199  val_acc=0.7997  val_f1=0.6351  (204.6s train)  *best*
    ep   6/20  train_loss=0.0361  val_qwk=0.9331  val_acc=0.8164  val_f1=0.6485  (204.3s train)  *best*
    ep   9/20  train_loss=0.0303  val_qwk=0.9339  val_acc=0.8285  val_f1=0.6708  (201.1s train)  *best*
    ep  10/20  train_loss=0.0278  val_qwk=0.9316  val_acc=0.8422  val_f1=0.6961  (201.0s train)
    ep  15/20  train_loss=0.0182  val_qwk=0.8923  val_acc=0.7709  val_f1=0.6119  (202.7s train)
    ep  17/20  train_loss=0.0156  val_qwk=0.9024  val_acc=0.8179  val_f1=0.6630  (200.2s train)
    early stop @ ep 17 (best qwk=0.9339 @ ep 9)
  fold 4 DONE  best val QWK=0.9339  final QWK=0.9339  (4139.4s)

=== Fold 5/5 (seed=42)  (train=2636, val=659) ===
  trainable: 1,081,600  |  frozen: 303,301,632
    ep   1/20  train_loss=0.1026  val_qwk=0.7519  val_acc=0.7238  val_f1=0.3230  (196.8s train)  *best*
    ep   2/20  train_loss=0.0617  val_qwk=0.8585  val_acc=0.7056  val_f1=0.4341  (202.9s train)  *best*
    ep   3/20  train_loss=0.0471  val_qwk=0.8784  val_acc=0.7572  val_f1=0.5879  (201.4s train)  *best*
    ep   4/20  train_loss=0.0408  val_qwk=0.8821  val_acc=0.7269  val_f1=0.5598  (209.8s train)  *best*
    ep   5/20  train_loss=0.0353  val_qwk=0.8776  val_acc=0.7815  val_f1=0.5921  (199.1s train)
    ep   6/20  train_loss=0.0334  val_qwk=0.8891  val_acc=0.7951  val_f1=0.6127  (202.1s train)  *best*
    ep   7/20  train_loss=0.0311  val_qwk=0.8970  val_acc=0.8149  val_f1=0.6497  (200.2s train)  *best*
    ep   8/20  train_loss=0.0292  val_qwk=0.9029  val_acc=0.7997  val_f1=0.6404  (200.6s train)  *best*
    ep  10/20  train_loss=0.0252  val_qwk=0.8780  val_acc=0.7633  val_f1=0.5869  (200.5s train)
    ep  15/20  train_loss=0.0189  val_qwk=0.8802  val_acc=0.7572  val_f1=0.5917  (200.2s train)
    ep  16/20  train_loss=0.0180  val_qwk=0.8946  val_acc=0.8088  val_f1=0.6353  (203.0s train)
    early stop @ ep 16 (best qwk=0.9029 @ ep 8)
  fold 5 DONE  best val QWK=0.9029  final QWK=0.9029  (3863.0s)

==============================================================================
LoRA OrdinalCapsNet (seed=42)  —  5 fold(s)  —  21114.0s
==============================================================================
QWK     : 0.9139 ± 0.0127  (fold QWKs: ['0.9229', '0.9008', '0.9088', '0.9339', '0.9029'])
Accuracy: 0.8206 ± 0.0120
Macro F1: 0.6576 ± 0.0163
MAE     : 0.2152 ± 0.0190

##############################################################################
### MODEL SEED 123 (seed=123)  ->  results/lora_ordinal_capsnet/seed123
##############################################################################

=== Fold 1/5 (seed=123)  (train=2636, val=659) ===
  trainable: 1,081,600  |  frozen: 303,301,632
    ep   1/20  train_loss=0.1015  val_qwk=0.7978  val_acc=0.6131  val_f1=0.3231  (199.6s train)  *best*
    ep   2/20  train_loss=0.0597  val_qwk=0.8221  val_acc=0.7147  val_f1=0.4079  (206.3s train)  *best*
    ep   3/20  train_loss=0.0462  val_qwk=0.8955  val_acc=0.7845  val_f1=0.5970  (204.3s train)  *best*
    ep   4/20  train_loss=0.0392  val_qwk=0.9008  val_acc=0.7754  val_f1=0.5715  (204.5s train)  *best*
    ep   5/20  train_loss=0.0367  val_qwk=0.9095  val_acc=0.8149  val_f1=0.6345  (203.9s train)  *best*
    ep   6/20  train_loss=0.0343  val_qwk=0.9101  val_acc=0.8179  val_f1=0.6384  (204.0s train)  *best*
    ep   7/20  train_loss=0.0315  val_qwk=0.9197  val_acc=0.8225  val_f1=0.6597  (203.0s train)  *best*
    ep  10/20  train_loss=0.0262  val_qwk=0.9134  val_acc=0.8285  val_f1=0.6644  (203.4s train)
    ep  15/20  train_loss=0.0175  val_qwk=0.9178  val_acc=0.8452  val_f1=0.7082  (201.5s train)
    early stop @ ep 15 (best qwk=0.9197 @ ep 7)
  fold 1 DONE  best val QWK=0.9197  final QWK=0.9197  (3655.7s)

=== Fold 2/5 (seed=123)  (train=2636, val=659) ===
  trainable: 1,081,600  |  frozen: 303,301,632
    ep   1/20  train_loss=0.1031  val_qwk=0.7715  val_acc=0.5311  val_f1=0.2486  (199.9s train)  *best*
    ep   3/20  train_loss=0.0482  val_qwk=0.8541  val_acc=0.7496  val_f1=0.4864  (200.2s train)  *best*
    ep   4/20  train_loss=0.0403  val_qwk=0.8804  val_acc=0.7618  val_f1=0.5577  (199.7s train)  *best*
    ep   5/20  train_loss=0.0356  val_qwk=0.8945  val_acc=0.8058  val_f1=0.6209  (199.6s train)  *best*
    ep  10/20  train_loss=0.0264  val_qwk=0.8977  val_acc=0.8285  val_f1=0.6650  (199.2s train)  *best*
    ep  12/20  train_loss=0.0226  val_qwk=0.9056  val_acc=0.8285  val_f1=0.6681  (200.2s train)  *best*
    ep  15/20  train_loss=0.0180  val_qwk=0.9043  val_acc=0.8285  val_f1=0.6861  (199.0s train)
    ep  20/20  train_loss=0.0121  val_qwk=0.8991  val_acc=0.8255  val_f1=0.6477  (198.6s train)
    early stop @ ep 20 (best qwk=0.9056 @ ep 12)
  fold 2 DONE  best val QWK=0.9056  final QWK=0.9056  (4789.1s)

=== Fold 3/5 (seed=123)  (train=2636, val=659) ===
  trainable: 1,081,600  |  frozen: 303,301,632
    ep   1/20  train_loss=0.1006  val_qwk=0.7016  val_acc=0.6798  val_f1=0.3191  (196.0s train)  *best*
    ep   2/20  train_loss=0.0631  val_qwk=0.8423  val_acc=0.6449  val_f1=0.4387  (201.2s train)  *best*
    ep   3/20  train_loss=0.0484  val_qwk=0.8767  val_acc=0.7253  val_f1=0.4899  (199.2s train)  *best*
    ep   4/20  train_loss=0.0428  val_qwk=0.8854  val_acc=0.8103  val_f1=0.6243  (199.3s train)  *best*
    ep   5/20  train_loss=0.0364  val_qwk=0.8753  val_acc=0.7633  val_f1=0.5403  (199.5s train)
    ep   6/20  train_loss=0.0338  val_qwk=0.9023  val_acc=0.8255  val_f1=0.6305  (199.3s train)  *best*
    ep   7/20  train_loss=0.0318  val_qwk=0.9053  val_acc=0.7951  val_f1=0.6227  (200.2s train)  *best*
    ep  10/20  train_loss=0.0276  val_qwk=0.8919  val_acc=0.8118  val_f1=0.6458  (203.2s train)
    ep  15/20  train_loss=0.0184  val_qwk=0.8996  val_acc=0.8240  val_f1=0.6433  (213.9s train)
    early stop @ ep 15 (best qwk=0.9053 @ ep 7)
  fold 3 DONE  best val QWK=0.9053  final QWK=0.9053  (3672.3s)

=== Fold 4/5 (seed=123)  (train=2636, val=659) ===
  trainable: 1,081,600  |  frozen: 303,301,632
    ep   1/20  train_loss=0.1028  val_qwk=0.7718  val_acc=0.7360  val_f1=0.3277  (210.2s train)  *best*
    ep   2/20  train_loss=0.0632  val_qwk=0.8775  val_acc=0.7238  val_f1=0.4661  (218.4s train)  *best*
    ep   5/20  train_loss=0.0375  val_qwk=0.9224  val_acc=0.8164  val_f1=0.6243  (217.4s train)  *best*
    ep   8/20  train_loss=0.0312  val_qwk=0.9290  val_acc=0.8270  val_f1=0.6668  (219.0s train)  *best*
    ep  10/20  train_loss=0.0265  val_qwk=0.9133  val_acc=0.7982  val_f1=0.6326  (219.2s train)
    ep  15/20  train_loss=0.0187  val_qwk=0.8932  val_acc=0.8073  val_f1=0.6203  (223.4s train)
    ep  16/20  train_loss=0.0160  val_qwk=0.8942  val_acc=0.7921  val_f1=0.5854  (222.4s train)
    early stop @ ep 16 (best qwk=0.9290 @ ep 8)
  fold 4 DONE  best val QWK=0.9290  final QWK=0.9290  (4191.3s)

=== Fold 5/5 (seed=123)  (train=2636, val=659) ===
  trainable: 1,081,600  |  frozen: 303,301,632
/Users/vineet/.local/share/uv/python/cpython-3.12.12-macos-aarch64-none/lib/python3.12/multiprocessing/resource_tracker.py:279: UserWarning: resource_tracker: There appear to be 14 leaked semaphore objects to clean up at shutdown
  warnings.warn('resource_tracker: There appear to be %d '
Device: mps
Epochs: 20  patience: 8  batch: 8  lora_r: 8  lora_alpha: 16

APTOS CV pool: 3295  holdout: 367
Pool label dist: [1624, 333, 899, 174, 265]

Model seeds: [42, 123, 456] (per-seed subdirs)

##############################################################################
### MODEL SEED 42 (seed=42)  ->  results/lora_ordinal_capsnet/seed42
##############################################################################

Resume: 5 fold(s) already on disk — fold indices [0, 1, 2, 3, 4]  (will skip).


=== Fold 1/5 (seed=42)  SKIPPED (resume; preds on disk) ===

=== Fold 2/5 (seed=42)  SKIPPED (resume; preds on disk) ===

=== Fold 3/5 (seed=42)  SKIPPED (resume; preds on disk) ===

=== Fold 4/5 (seed=42)  SKIPPED (resume; preds on disk) ===

=== Fold 5/5 (seed=42)  SKIPPED (resume; preds on disk) ===

==============================================================================
LoRA OrdinalCapsNet (seed=42)  —  5 fold(s)  —  0.0s
==============================================================================
QWK     : 0.9139 ± 0.0127  (fold QWKs: ['0.9229', '0.9008', '0.9088', '0.9339', '0.9029'])
Accuracy: 0.8206 ± 0.0120
Macro F1: 0.6576 ± 0.0163
MAE     : 0.2152 ± 0.0190

##############################################################################
### MODEL SEED 123 (seed=123)  ->  results/lora_ordinal_capsnet/seed123
##############################################################################

Resume: 4 fold(s) already on disk — fold indices [0, 1, 2, 3]  (will skip).


=== Fold 1/5 (seed=123)  SKIPPED (resume; preds on disk) ===

=== Fold 2/5 (seed=123)  SKIPPED (resume; preds on disk) ===

=== Fold 3/5 (seed=123)  SKIPPED (resume; preds on disk) ===

=== Fold 4/5 (seed=123)  SKIPPED (resume; preds on disk) ===

=== Fold 5/5 (seed=123)  (train=2636, val=659) ===
  trainable: 1,081,600  |  frozen: 303,301,632
    ep   1/20  train_loss=0.0996  val_qwk=0.7781  val_acc=0.5508  val_f1=0.3166  (192.6s train)  *best*
    ep   2/20  train_loss=0.0590  val_qwk=0.8660  val_acc=0.7117  val_f1=0.4988  (199.6s train)  *best*
    ep   3/20  train_loss=0.0472  val_qwk=0.8719  val_acc=0.7542  val_f1=0.5270  (200.1s train)  *best*
    ep   4/20  train_loss=0.0395  val_qwk=0.8883  val_acc=0.7921  val_f1=0.5573  (200.3s train)  *best*
    ep   5/20  train_loss=0.0366  val_qwk=0.8790  val_acc=0.7420  val_f1=0.5677  (199.4s train)
    ep   6/20  train_loss=0.0335  val_qwk=0.8906  val_acc=0.7921  val_f1=0.6052  (203.1s train)  *best*
    ep   7/20  train_loss=0.0311  val_qwk=0.8983  val_acc=0.8149  val_f1=0.6455  (203.7s train)  *best*
    ep   8/20  train_loss=0.0301  val_qwk=0.8988  val_acc=0.8179  val_f1=0.6608  (203.7s train)  *best*
    ep  10/20  train_loss=0.0263  val_qwk=0.8983  val_acc=0.8149  val_f1=0.6178  (203.1s train)
    ep  12/20  train_loss=0.0231  val_qwk=0.8989  val_acc=0.8209  val_f1=0.6302  (201.9s train)  *best*
    ep  13/20  train_loss=0.0217  val_qwk=0.9008  val_acc=0.8240  val_f1=0.6660  (204.3s train)  *best*
    ep  15/20  train_loss=0.0186  val_qwk=0.8976  val_acc=0.8042  val_f1=0.6276  (204.3s train)
    ep  17/20  train_loss=0.0154  val_qwk=0.9016  val_acc=0.8134  val_f1=0.6481  (200.9s train)  *best*
    ep  20/20  train_loss=0.0128  val_qwk=0.8897  val_acc=0.8012  val_f1=0.6459  (200.0s train)
  fold 5 DONE  best val QWK=0.9016  final QWK=0.9016  (4829.7s)

==============================================================================
LoRA OrdinalCapsNet (seed=123)  —  5 fold(s)  —  4833.3s
==============================================================================
QWK     : 0.9123 ± 0.0104  (fold QWKs: ['0.9197', '0.9056', '0.9053', '0.9290', '0.9016'])
Accuracy: 0.8173 ± 0.0123
Macro F1: 0.6531 ± 0.0168
MAE     : 0.2200 ± 0.0172

##############################################################################
### MODEL SEED 456 (seed=456)  ->  results/lora_ordinal_capsnet/seed456
##############################################################################

=== Fold 1/5 (seed=456)  (train=2636, val=659) ===
  trainable: 1,081,600  |  frozen: 303,301,632
    ep   1/20  train_loss=0.1030  val_qwk=0.7250  val_acc=0.7147  val_f1=0.3154  (195.3s train)  *best*
    ep   2/20  train_loss=0.0623  val_qwk=0.8395  val_acc=0.6237  val_f1=0.4002  (200.8s train)  *best*
    ep   3/20  train_loss=0.0495  val_qwk=0.8747  val_acc=0.7527  val_f1=0.5230  (199.6s train)  *best*
    ep   4/20  train_loss=0.0423  val_qwk=0.8992  val_acc=0.8012  val_f1=0.6254  (199.0s train)  *best*
    ep   5/20  train_loss=0.0397  val_qwk=0.8746  val_acc=0.7557  val_f1=0.5737  (200.0s train)
    ep   6/20  train_loss=0.0350  val_qwk=0.9046  val_acc=0.7769  val_f1=0.6051  (199.1s train)  *best*
    ep   8/20  train_loss=0.0311  val_qwk=0.9098  val_acc=0.7800  val_f1=0.6234  (197.4s train)  *best*
    ep   9/20  train_loss=0.0300  val_qwk=0.9180  val_acc=0.8194  val_f1=0.6577  (199.3s train)  *best*
    ep  10/20  train_loss=0.0275  val_qwk=0.9199  val_acc=0.8437  val_f1=0.6952  (198.3s train)  *best*
    ep  15/20  train_loss=0.0190  val_qwk=0.9022  val_acc=0.8194  val_f1=0.6275  (196.7s train)
    ep  18/20  train_loss=0.0149  val_qwk=0.8993  val_acc=0.7997  val_f1=0.6410  (196.6s train)
    early stop @ ep 18 (best qwk=0.9199 @ ep 10)
  fold 1 DONE  best val QWK=0.9199  final QWK=0.9199  (4273.8s)

=== Fold 2/5 (seed=456)  (train=2636, val=659) ===
  trainable: 1,081,600  |  frozen: 303,301,632
    ep   1/20  train_loss=0.1003  val_qwk=0.7916  val_acc=0.5964  val_f1=0.3036  (192.9s train)  *best*
    ep   2/20  train_loss=0.0621  val_qwk=0.8356  val_acc=0.7496  val_f1=0.5111  (198.3s train)  *best*
    ep   3/20  train_loss=0.0488  val_qwk=0.8524  val_acc=0.7663  val_f1=0.5365  (197.3s train)  *best*
    ep   4/20  train_loss=0.0415  val_qwk=0.8826  val_acc=0.7754  val_f1=0.5562  (197.0s train)  *best*
    ep   5/20  train_loss=0.0370  val_qwk=0.8811  val_acc=0.8042  val_f1=0.6163  (196.1s train)
    ep   6/20  train_loss=0.0341  val_qwk=0.8952  val_acc=0.8209  val_f1=0.6429  (196.4s train)  *best*
    ep  10/20  train_loss=0.0255  val_qwk=0.8965  val_acc=0.7754  val_f1=0.6275  (194.2s train)  *best*
    ep  11/20  train_loss=0.0244  val_qwk=0.9022  val_acc=0.8240  val_f1=0.6575  (198.4s train)  *best*
    ep  15/20  train_loss=0.0166  val_qwk=0.8814  val_acc=0.8073  val_f1=0.6403  (197.9s train)
    ep  19/20  train_loss=0.0101  val_qwk=0.8945  val_acc=0.7982  val_f1=0.6445  (198.8s train)
    early stop @ ep 19 (best qwk=0.9022 @ ep 11)
  fold 2 DONE  best val QWK=0.9022  final QWK=0.9022  (4492.8s)

=== Fold 3/5 (seed=456)  (train=2636, val=659) ===
  trainable: 1,081,600  |  frozen: 303,301,632
    ep   1/20  train_loss=0.1007  val_qwk=0.7330  val_acc=0.7056  val_f1=0.3237  (196.2s train)  *best*
    ep   2/20  train_loss=0.0609  val_qwk=0.8031  val_acc=0.6434  val_f1=0.3980  (201.7s train)  *best*
    ep   3/20  train_loss=0.0489  val_qwk=0.8798  val_acc=0.7724  val_f1=0.5677  (199.5s train)  *best*
    ep   4/20  train_loss=0.0420  val_qwk=0.8888  val_acc=0.7951  val_f1=0.6246  (200.7s train)  *best*
    ep   5/20  train_loss=0.0379  val_qwk=0.8637  val_acc=0.7056  val_f1=0.4874  (198.5s train)
    ep   7/20  train_loss=0.0327  val_qwk=0.8890  val_acc=0.7800  val_f1=0.6112  (199.4s train)  *best*
    ep   9/20  train_loss=0.0292  val_qwk=0.8891  val_acc=0.7800  val_f1=0.6129  (199.6s train)  *best*
    ep  10/20  train_loss=0.0281  val_qwk=0.8854  val_acc=0.7693  val_f1=0.5662  (200.6s train)
    ep  11/20  train_loss=0.0264  val_qwk=0.8979  val_acc=0.8316  val_f1=0.6775  (201.6s train)  *best*
    ep  15/20  train_loss=0.0194  val_qwk=0.8773  val_acc=0.7951  val_f1=0.6205  (199.4s train)
    ep  19/20  train_loss=0.0139  val_qwk=0.8810  val_acc=0.8027  val_f1=0.6481  (202.1s train)
    early stop @ ep 19 (best qwk=0.8979 @ ep 11)
  fold 3 DONE  best val QWK=0.8979  final QWK=0.8979  (4567.4s)

=== Fold 4/5 (seed=456)  (train=2636, val=659) ===
  trainable: 1,081,600  |  frozen: 303,301,632
    ep   1/20  train_loss=0.1030  val_qwk=0.7912  val_acc=0.6722  val_f1=0.3364  (200.1s train)  *best*
    ep   2/20  train_loss=0.0611  val_qwk=0.8772  val_acc=0.6889  val_f1=0.4224  (209.9s train)  *best*
    ep   3/20  train_loss=0.0490  val_qwk=0.9056  val_acc=0.7860  val_f1=0.5582  (203.3s train)  *best*
    ep   4/20  train_loss=0.0417  val_qwk=0.9242  val_acc=0.7951  val_f1=0.6319  (202.5s train)  *best*
    ep   5/20  train_loss=0.0379  val_qwk=0.9307  val_acc=0.8149  val_f1=0.6349  (203.0s train)  *best*
    ep  10/20  train_loss=0.0271  val_qwk=0.9162  val_acc=0.8179  val_f1=0.6534  (202.7s train)
    ep  11/20  train_loss=0.0254  val_qwk=0.9377  val_acc=0.8392  val_f1=0.6981  (205.3s train)  *best*
    ep  15/20  train_loss=0.0180  val_qwk=0.9056  val_acc=0.8118  val_f1=0.6632  (201.5s train)
    ep  19/20  train_loss=0.0125  val_qwk=0.9138  val_acc=0.8149  val_f1=0.6749  (196.9s train)
    early stop @ ep 19 (best qwk=0.9377 @ ep 11)
  fold 4 DONE  best val QWK=0.9377  final QWK=0.9377  (4591.3s)

=== Fold 5/5 (seed=456)  (train=2636, val=659) ===
  trainable: 1,081,600  |  frozen: 303,301,632
    ep   1/20  train_loss=0.1030  val_qwk=0.7612  val_acc=0.7344  val_f1=0.3267  (200.1s train)  *best*
/Users/vineet/.local/share/uv/python/cpython-3.12.12-macos-aarch64-none/lib/python3.12/multiprocessing/resource_tracker.py:279: UserWarning: resource_tracker: There appear to be 14 leaked semaphore objects to clean up at shutdown
  warnings.warn('resource_tracker: There appear to be %d '
Device: mps
Epochs: 20  patience: 8  batch: 8  lora_r: 8  lora_alpha: 16

APTOS CV pool: 3295  holdout: 367
Pool label dist: [1624, 333, 899, 174, 265]

Model seeds: [42, 123, 456] (per-seed subdirs)

##############################################################################
### MODEL SEED 42 (seed=42)  ->  results/lora_ordinal_capsnet/seed42
##############################################################################

Resume: 5 fold(s) already on disk — fold indices [0, 1, 2, 3, 4]  (will skip).


=== Fold 1/5 (seed=42)  SKIPPED (resume; preds on disk) ===

=== Fold 2/5 (seed=42)  SKIPPED (resume; preds on disk) ===

=== Fold 3/5 (seed=42)  SKIPPED (resume; preds on disk) ===

=== Fold 4/5 (seed=42)  SKIPPED (resume; preds on disk) ===

=== Fold 5/5 (seed=42)  SKIPPED (resume; preds on disk) ===

==============================================================================
LoRA OrdinalCapsNet (seed=42)  —  5 fold(s)  —  0.0s
==============================================================================
QWK     : 0.9139 ± 0.0127  (fold QWKs: ['0.9229', '0.9008', '0.9088', '0.9339', '0.9029'])
Accuracy: 0.8206 ± 0.0120
Macro F1: 0.6576 ± 0.0163
MAE     : 0.2152 ± 0.0190

##############################################################################
### MODEL SEED 123 (seed=123)  ->  results/lora_ordinal_capsnet/seed123
##############################################################################

Resume: 5 fold(s) already on disk — fold indices [0, 1, 2, 3, 4]  (will skip).


=== Fold 1/5 (seed=123)  SKIPPED (resume; preds on disk) ===

=== Fold 2/5 (seed=123)  SKIPPED (resume; preds on disk) ===

=== Fold 3/5 (seed=123)  SKIPPED (resume; preds on disk) ===

=== Fold 4/5 (seed=123)  SKIPPED (resume; preds on disk) ===

=== Fold 5/5 (seed=123)  SKIPPED (resume; preds on disk) ===

==============================================================================
LoRA OrdinalCapsNet (seed=123)  —  5 fold(s)  —  0.0s
==============================================================================
QWK     : 0.9123 ± 0.0104  (fold QWKs: ['0.9197', '0.9056', '0.9053', '0.9290', '0.9016'])
Accuracy: 0.8173 ± 0.0123
Macro F1: 0.6531 ± 0.0168
MAE     : 0.2200 ± 0.0172

##############################################################################
### MODEL SEED 456 (seed=456)  ->  results/lora_ordinal_capsnet/seed456
##############################################################################

Resume: 4 fold(s) already on disk — fold indices [0, 1, 2, 3]  (will skip).


=== Fold 1/5 (seed=456)  SKIPPED (resume; preds on disk) ===

=== Fold 2/5 (seed=456)  SKIPPED (resume; preds on disk) ===

=== Fold 3/5 (seed=456)  SKIPPED (resume; preds on disk) ===

=== Fold 4/5 (seed=456)  SKIPPED (resume; preds on disk) ===

=== Fold 5/5 (seed=456)  (train=2636, val=659) ===
  trainable: 1,081,600  |  frozen: 303,301,632
    ep   1/20  train_loss=0.1030  val_qwk=0.7612  val_acc=0.7344  val_f1=0.3267  (189.4s train)  *best*
    ep   2/20  train_loss=0.0610  val_qwk=0.8394  val_acc=0.6100  val_f1=0.3667  (200.2s train)  *best*
    ep   3/20  train_loss=0.0478  val_qwk=0.8738  val_acc=0.7481  val_f1=0.5482  (203.0s train)  *best*
    ep   4/20  train_loss=0.0407  val_qwk=0.8858  val_acc=0.7633  val_f1=0.5724  (202.9s train)  *best*
    ep   5/20  train_loss=0.0361  val_qwk=0.8862  val_acc=0.8103  val_f1=0.5915  (204.9s train)  *best*
    ep   6/20  train_loss=0.0332  val_qwk=0.8900  val_acc=0.8164  val_f1=0.6364  (209.8s train)  *best*
    ep   7/20  train_loss=0.0318  val_qwk=0.8902  val_acc=0.7891  val_f1=0.5910  (210.2s train)  *best*
    ep   8/20  train_loss=0.0298  val_qwk=0.9026  val_acc=0.8270  val_f1=0.6584  (210.3s train)  *best*
    ep  10/20  train_loss=0.0257  val_qwk=0.8978  val_acc=0.8073  val_f1=0.6594  (215.0s train)
    ep  15/20  train_loss=0.0177  val_qwk=0.8530  val_acc=0.7542  val_f1=0.5706  (222.6s train)
    ep  16/20  train_loss=0.0160  val_qwk=0.8934  val_acc=0.8134  val_f1=0.6277  (225.2s train)
    early stop @ ep 16 (best qwk=0.9026 @ ep 8)
  fold 5 DONE  best val QWK=0.9026  final QWK=0.9026  (4058.0s)

==============================================================================
LoRA OrdinalCapsNet (seed=456)  —  5 fold(s)  —  4061.5s
==============================================================================
QWK     : 0.9121 ± 0.0149  (fold QWKs: ['0.9199', '0.9022', '0.8979', '0.9377', '0.9026'])
Accuracy: 0.8331 ± 0.0074
Macro F1: 0.6773 ± 0.0174
MAE     : 0.2061 ± 0.0180

##############################################################################
# POOLED ACROSS 3 SEEDS
##############################################################################
QWK     : 0.9127 ± 0.0008  (seed means: ['0.9139', '0.9123', '0.9121'])
Accuracy: 0.8237 ± 0.0068
Macro F1: 0.6627 ± 0.0105
MAE     : 0.2138 ± 0.0058
Pooled JSON -> results/lora_ordinal_capsnet/pooled_across_seeds.json